LINK 1.7
POSSIBLE CODE OVERLAY AT 0B46 IN MCZ.PROM.78089

LOAD MAP
MODULE      ORIGIN LENGTH

MCZ.PROM.78089
              0000   13E8

GLOBAL     ADDRESS   MODULE

BCKPTR        12B4   MCZ.PROM.78089
BRKFLG        13CD   MCZ.PROM.78089
BRKRTN        13CE   MCZ.PROM.78089
CHRDEL        13CC   MCZ.PROM.78089
CONIBF        1189   MCZ.PROM.78089
CONIVC        1293   MCZ.PROM.78089
CONOBF        1103   MCZ.PROM.78089
CONOVC        1288   MCZ.PROM.78089
CURT0         13D7   MCZ.PROM.78089
CURTRK        13DF   MCZ.PROM.78089
DATE          13AB   MCZ.PROM.78089
DSKVSL        13D0   MCZ.PROM.78089
DS_BUF        12B2   MCZ.PROM.78089
ERCODE        13BD   MCZ.PROM.78089
ETIME         13B8   MCZ.PROM.78089
EXTRET        13BE   MCZ.PROM.78089
FLOPPY        0BFD   MCZ.PROM.78089
FORPTR        12B6   MCZ.PROM.78089
INPTR         13C4   MCZ.PROM.78089
INTPNT        12AF   MCZ.PROM.78089
LINDEL        13CB   MCZ.PROM.78089
MEMBOT        13C2   MCZ.PROM.78089
MEMTOP        13C0   MCZ.PROM.78089
NCRCE         1393   MCZ.PROM.78089
NSECTE        1395   MCZ.PROM.78089
NTRKE         1391   MCZ.PROM.78089
NULLCT        13C8   MCZ.PROM.78089
OUTPTR        13C6   MCZ.PROM.78089
PCON          0BE8   MCZ.PROM.78089
PDEBUG        0BFA   MCZ.PROM.78089
PROMPT        13CA   MCZ.PROM.78089
PTRS          12B4   MCZ.PROM.78089
RQSECT        12B2   MCZ.PROM.78089
STACK         1100   MCZ.PROM.78089
TIME          13B1   MCZ.PROM.78089
USRSTK        13A9   MCZ.PROM.78089

PROGRAM MCZ.PROM.78089 -- 13E8 BYTES
ENTRY: 0000
